
> frontend@0.0.0 build
> tsc -b && vite build

src/components/Footer.tsx(3,10): error TS2305: Module '"lucide-react"' has no exported member 'Instagram'.
src/components/Footer.tsx(3,21): error TS2305: Module '"lucide-react"' has no exported member 'Facebook'.
src/components/Footer.tsx(3,31): error TS2305: Module '"lucide-react"' has no exported member 'Twitter'.
src/pages/Cart.tsx(3,18): error TS6133: 'Plus' is declared but its value is never read.
src/pages/Cart.tsx(3,24): error TS6133: 'Minus' is declared but its value is never read.
src/pages/Contact.tsx(3,24): error TS2305: Module '"lucide-react"' has no exported member 'Instagram'.
src/pages/Contact.tsx(3,35): error TS2305: Module '"lucide-react"' has no exported member 'Facebook'.
src/pages/Contact.tsx(3,45): error TS2305: Module '"lucide-react"' has no exported member 'Twitter'.
src/pages/Home.tsx(85,35): error TS6133: 'idx' is declared but its value is never read.
src/pages/Shop.tsx(2,37): error TS2724: '"lucide-react"' has no exported member named 'ArrowDownWideArrow'. Did you mean 'ArrowDownWideNarrow'?
